solfware_timer.h:34:6:display7SEG5	24	static
solfware_timer.h:68:6:clearC	8	static
solfware_timer.h:77:6:setTimer1	16	static
solfware_timer.h:86:6:timerRun	4	static
solfware_timer.h:100:6:update7SEG	16	static
solfware_timer.h:121:6:updateClockBuffer	24	static
main.c:68:6:setTimer0	16	static
main.c:73:6:timer_run	4	static
main.c:88:5:main	8	static
main.c:199:6:SystemClock_Config	72	static
main.c:235:13:MX_TIM2_Init	32	static
main.c:280:13:MX_GPIO_Init	32	static
main.c:317:6:HAL_TIM_PeriodElapsedCallback	16	static
main.c:327:6:Error_Handler	4	static,ignoring_inline_asm
