solfware_timer.h:34:6:display7SEG5	24	static
solfware_timer.h:69:6:clearC	8	static
solfware_timer.h:78:6:updateClockBuffer	24	static
solfware_timer.h:95:6:update7SEG	16	static
solfware_timer.h:140:6:timerRun	4	static
main.c:71:6:setTimer1	16	static
main.c:75:6:setTimer0	16	static
main.c:80:6:timer_run	4	static
main.c:96:5:main	8	static
main.c:166:6:SystemClock_Config	72	static
main.c:202:13:MX_TIM2_Init	32	static
main.c:247:13:MX_GPIO_Init	32	static
main.c:293:6:HAL_TIM_PeriodElapsedCallback	16	static
main.c:303:6:Error_Handler	4	static,ignoring_inline_asm
