lab1_exercise1_4.h:28:6:LED_RED_ON	8	static
lab1_exercise1_4.h:31:6:LED_RED_OFF	8	static
lab1_exercise1_4.h:34:6:LED_YELLOW_ON	8	static
lab1_exercise1_4.h:37:6:LED_YELLOW_OFF	8	static
lab1_exercise1_4.h:40:6:Ex1	16	static
lab1_exercise1_4.h:46:6:Ex2	16	static
lab1_exercise1_4.h:74:6:Ex3	24	static
lab1_exercise1_4.h:180:6:display7SEG	24	static
main.c:64:5:main	16	static
main.c:119:6:SystemClock_Config	72	static
main.c:155:13:MX_GPIO_Init	32	static
main.c:205:6:Error_Handler	4	static,ignoring_inline_asm
