16:32:17 **** Incremental Build of configuration Debug for project Lab1_Exercise6_10 ****
make -j12 all 
arm-none-eabi-gcc "../Core/Src/main.c" -mcpu=cortex-m3 -std=gnu11 -g3 -DDEBUG -DUSE_HAL_DRIVER -DSTM32F103x6 -c -I../Core/Inc -I../Drivers/STM32F1xx_HAL_Driver/Inc -I../Drivers/STM32F1xx_HAL_Driver/Inc/Legacy -I../Drivers/CMSIS/Device/ST/STM32F1xx/Include -I../Drivers/CMSIS/Include -O0 -ffunction-sections -fdata-sections -Wall -fstack-usage -MMD -MP -MF"Core/Src/main.d" -MT"Core/Src/main.o" --specs=nano.specs -mfloat-abi=soft -mthumb -o "Core/Src/main.o"
arm-none-eabi-gcc -o "Lab1_Exercise6_10.elf" @"objects.list"   -mcpu=cortex-m3 -T"D:\Lab_VXL\Lab1_Exercise6_10\STM32F103C6UX_FLASH.ld" --specs=nosys.specs -Wl,-Map="Lab1_Exercise6_10.map" -Wl,--gc-sections -static --specs=nano.specs -mfloat-abi=soft -mthumb -Wl,--start-group -lc -lm -Wl,--end-group
Finished building target: Lab1_Exercise6_10.elf
 
arm-none-eabi-size   Lab1_Exercise6_10.elf 
arm-none-eabi-objdump -h -S  Lab1_Exercise6_10.elf  > "Lab1_Exercise6_10.list"
arm-none-eabi-objcopy  -O ihex  Lab1_Exercise6_10.elf  "Lab1_Exercise6_10.hex"
arm-none-eabi-objcopy  -O binary  Lab1_Exercise6_10.elf  "Lab1_Exercise6_10.bin"
   text	   data	    bss	    dec	    hex	filename
   5140	    116	   1580	   6836	   1ab4	Lab1_Exercise6_10.elf
Finished building: default.size.stdout
 
Finished building: Lab1_Exercise6_10.hex
Finished building: Lab1_Exercise6_10.bin
Finished building: Lab1_Exercise6_10.list
 
 
 
