17:19:53 **** Incremental Build of configuration Debug for project Lab3_update ****
make -j12 all 
arm-none-eabi-gcc "../Core/Src/main.c" -mcpu=cortex-m3 -std=gnu11 -g3 -DDEBUG -DUSE_HAL_DRIVER -DSTM32F103x6 -c -I../Core/Inc -I../Drivers/STM32F1xx_HAL_Driver/Inc -I../Drivers/STM32F1xx_HAL_Driver/Inc/Legacy -I../Drivers/CMSIS/Device/ST/STM32F1xx/Include -I../Drivers/CMSIS/Include -O0 -ffunction-sections -fdata-sections -Wall -fstack-usage -MMD -MP -MF"Core/Src/main.d" -MT"Core/Src/main.o" --specs=nano.specs -mfloat-abi=soft -mthumb -o "Core/Src/main.o"
arm-none-eabi-gcc -o "Lab3_update.elf" @"objects.list"   -mcpu=cortex-m3 -T"D:\Lab_VXL\Lab3_update\STM32F103C6UX_FLASH.ld" --specs=nosys.specs -Wl,-Map="Lab3_update.map" -Wl,--gc-sections -static --specs=nano.specs -mfloat-abi=soft -mthumb -Wl,--start-group -lc -lm -Wl,--end-group
Finished building target: Lab3_update.elf
 
arm-none-eabi-size   Lab3_update.elf 
arm-none-eabi-objdump -h -S  Lab3_update.elf  > "Lab3_update.list"
arm-none-eabi-objcopy  -O ihex  Lab3_update.elf  "Lab3_update.hex"
arm-none-eabi-objcopy  -O binary  Lab3_update.elf  "Lab3_update.bin"
   text	   data	    bss	    dec	    hex	filename
  10696	     20	   1684	  12400	   3070	Lab3_update.elf
Finished building: default.size.stdout
 
Finished building: Lab3_update.hex
Finished building: Lab3_update.bin
 
 
Finished building: Lab3_update.list
 

17:19:54 Build Finished. 0 errors, 0 warnings. (took 971ms)

